Archive member included to satisfy reference by file (symbol)

c:/nxp/mcuxpressoide_11.0.1_2563/ide/plugins/com.nxp.mcuxpresso.tools.win32_11.0.1.201907311258/tools/bin/../lib/gcc/arm-none-eabi/8.2.1/../../../../arm-none-eabi/lib/thumb/v6-m/nofp\libcr_c.a(memcpy.o)
                              ./source/statemachine.o (memcpy)
c:/nxp/mcuxpressoide_11.0.1_2563/ide/plugins/com.nxp.mcuxpresso.tools.win32_11.0.1.201907311258/tools/bin/../lib/gcc/arm-none-eabi/8.2.1/../../../../arm-none-eabi/lib/thumb/v6-m/nofp\libcr_c.a(memset.o)
                              ./drivers/fsl_flash.o (memset)
c:/nxp/mcuxpressoide_11.0.1_2563/ide/plugins/com.nxp.mcuxpresso.tools.win32_11.0.1.201907311258/tools/bin/../lib/gcc/arm-none-eabi/8.2.1/../../../../arm-none-eabi/lib/thumb/v6-m/nofp\libcr_c.a(alloc.o)
                              ./source/main.o (malloc)
c:/nxp/mcuxpressoide_11.0.1_2563/ide/plugins/com.nxp.mcuxpresso.tools.win32_11.0.1.201907311258/tools/bin/../lib/gcc/arm-none-eabi/8.2.1/../../../../arm-none-eabi/lib/thumb/v6-m/nofp\libcr_c.a(stdlib.o)
                              ./source/System.o (exit)
c:/nxp/mcuxpressoide_11.0.1_2563/ide/plugins/com.nxp.mcuxpresso.tools.win32_11.0.1.201907311258/tools/bin/../lib/gcc/arm-none-eabi/8.2.1/../../../../arm-none-eabi/lib/thumb/v6-m/nofp\libcr_c.a(strlen.o)
                              ./utilities/fsl_debug_console.o (strlen)
c:/nxp/mcuxpressoide_11.0.1_2563/ide/plugins/com.nxp.mcuxpresso.tools.win32_11.0.1.201907311258/tools/bin/../lib/gcc/arm-none-eabi/8.2.1/../../../../arm-none-eabi/lib/thumb/v6-m/nofp\libcr_c.a(__init_alloc.o)
                              c:/nxp/mcuxpressoide_11.0.1_2563/ide/plugins/com.nxp.mcuxpresso.tools.win32_11.0.1.201907311258/tools/bin/../lib/gcc/arm-none-eabi/8.2.1/../../../../arm-none-eabi/lib/thumb/v6-m/nofp\libcr_c.a(alloc.o) (__heaps)
c:/nxp/mcuxpressoide_11.0.1_2563/ide/plugins/com.nxp.mcuxpresso.tools.win32_11.0.1.201907311258/tools/bin/../lib/gcc/arm-none-eabi/8.2.1/../../../../arm-none-eabi/lib/thumb/v6-m/nofp\libcr_c.a(_cr_sbrk.o)
                              c:/nxp/mcuxpressoide_11.0.1_2563/ide/plugins/com.nxp.mcuxpresso.tools.win32_11.0.1.201907311258/tools/bin/../lib/gcc/arm-none-eabi/8.2.1/../../../../arm-none-eabi/lib/thumb/v6-m/nofp\libcr_c.a(alloc.o) (_sbrk)
c:/nxp/mcuxpressoide_11.0.1_2563/ide/plugins/com.nxp.mcuxpresso.tools.win32_11.0.1.201907311258/tools/bin/../lib/gcc/arm-none-eabi/8.2.1/../../../../arm-none-eabi/lib/thumb/v6-m/nofp\libcr_c.a(errno.o)
                              c:/nxp/mcuxpressoide_11.0.1_2563/ide/plugins/com.nxp.mcuxpresso.tools.win32_11.0.1.201907311258/tools/bin/../lib/gcc/arm-none-eabi/8.2.1/../../../../arm-none-eabi/lib/thumb/v6-m/nofp\libcr_c.a(_cr_sbrk.o) (errno)
c:/nxp/mcuxpressoide_11.0.1_2563/ide/plugins/com.nxp.mcuxpresso.tools.win32_11.0.1.201907311258/tools/bin/../lib/gcc/arm-none-eabi/8.2.1/../../../../arm-none-eabi/lib/thumb/v6-m/nofp\libcr_c.a(initio.o)
                              c:/nxp/mcuxpressoide_11.0.1_2563/ide/plugins/com.nxp.mcuxpresso.tools.win32_11.0.1.201907311258/tools/bin/../lib/gcc/arm-none-eabi/8.2.1/../../../../arm-none-eabi/lib/thumb/v6-m/nofp\libcr_c.a(stdlib.o) (_terminateio)
c:/nxp/mcuxpressoide_11.0.1_2563/ide/plugins/com.nxp.mcuxpresso.tools.win32_11.0.1.201907311258/tools/bin/../lib/gcc/arm-none-eabi/8.2.1/../../../../arm-none-eabi/lib/thumb/v6-m/nofp\libcr_c.a(raise.o)
                              c:/nxp/mcuxpressoide_11.0.1_2563/ide/plugins/com.nxp.mcuxpresso.tools.win32_11.0.1.201907311258/tools/bin/../lib/gcc/arm-none-eabi/8.2.1/../../../../arm-none-eabi/lib/thumb/v6-m/nofp\libcr_c.a(stdlib.o) (raise)
c:/nxp/mcuxpressoide_11.0.1_2563/ide/plugins/com.nxp.mcuxpresso.tools.win32_11.0.1.201907311258/tools/bin/../lib/gcc/arm-none-eabi/8.2.1/../../../../arm-none-eabi/lib/thumb/v6-m/nofp\libcr_c.a(setvbuf.o)
                              c:/nxp/mcuxpressoide_11.0.1_2563/ide/plugins/com.nxp.mcuxpresso.tools.win32_11.0.1.201907311258/tools/bin/../lib/gcc/arm-none-eabi/8.2.1/../../../../arm-none-eabi/lib/thumb/v6-m/nofp\libcr_c.a(initio.o) (setvbuf)
c:/nxp/mcuxpressoide_11.0.1_2563/ide/plugins/com.nxp.mcuxpresso.tools.win32_11.0.1.201907311258/tools/bin/../lib/gcc/arm-none-eabi/8.2.1/../../../../arm-none-eabi/lib/thumb/v6-m/nofp\libcr_c.a(_cr_check_heap.o)
                              c:/nxp/mcuxpressoide_11.0.1_2563/ide/plugins/com.nxp.mcuxpresso.tools.win32_11.0.1.201907311258/tools/bin/../lib/gcc/arm-none-eabi/8.2.1/../../../../arm-none-eabi/lib/thumb/v6-m/nofp\libcr_c.a(_cr_sbrk.o) (__check_heap_overflow)
c:/nxp/mcuxpressoide_11.0.1_2563/ide/plugins/com.nxp.mcuxpresso.tools.win32_11.0.1.201907311258/tools/bin/../lib/gcc/arm-none-eabi/8.2.1/../../../../arm-none-eabi/lib/thumb/v6-m/nofp\libcr_c.a(_fdopen.o)
                              c:/nxp/mcuxpressoide_11.0.1_2563/ide/plugins/com.nxp.mcuxpresso.tools.win32_11.0.1.201907311258/tools/bin/../lib/gcc/arm-none-eabi/8.2.1/../../../../arm-none-eabi/lib/thumb/v6-m/nofp\libcr_c.a(initio.o) (_fdopen)
[...]
Memory Configuration

Name             Origin             Length             Attributes
PROGRAM_FLASH    0x00000000         0x00020000         xr
SRAM             0x1ffff000         0x00004000         xrw
*default*        0x00000000         0xffffffff

Linker script and memory map

LOAD ./source/main.o
LOAD ./source/led_control.o
LOAD ./source/logger.o
LOAD ./source/bit.o
LOAD ./source/i2c.o
LOAD ./source/statemachine.o
LOAD ./source/System.o
LOAD ./source/Testsuite.o
LOAD ./source/tmp102.o
LOAD ./source/mtb.o
LOAD ./source/semihost_hardfault.o
LOAD ./startup/startup_mkl25z4.o
LOAD ./CMSIS/system_MKL25Z4.o
LOAD ./utilities/fsl_debug_console.o
LOAD ./drivers/fsl_clock.o
LOAD ./drivers/fsl_common.o
LOAD ./drivers/fsl_flash.o
LOAD ./drivers/fsl_gpio.o
LOAD ./drivers/fsl_lpsci.o
LOAD ./drivers/fsl_smc.o
LOAD ./drivers/fsl_uart.o
LOAD ./board/board.o
LOAD ./board/clock_config.o
LOAD ./board/peripherals.o
LOAD ./board/pin_mux.o
START GROUP
LOAD c:/nxp/mcuxpressoide_11.0.1_2563/ide/plugins/com.nxp.mcuxpresso.tools.win32_11.0.1.201907311258/tools/bin/../lib/gcc/arm-none-eabi/8.2.1/../../../../arm-none-eabi/lib/thumb/v6-m/nofp\libcr_nohost_nf.a
LOAD c:/nxp/mcuxpressoide_11.0.1_2563/ide/plugins/com.nxp.mcuxpresso.tools.win32_11.0.1.201907311258/tools/bin/../lib/gcc/arm-none-eabi/8.2.1/../../../../arm-none-eabi/lib/thumb/v6-m/nofp\libcr_c.a
LOAD c:/nxp/mcuxpressoide_11.0.1_2563/ide/plugins/com.nxp.mcuxpresso.tools.win32_11.0.1.201907311258/tools/bin/../lib/gcc/arm-none-eabi/8.2.1/thumb/v6-m/nofp\libcr_eabihelpers.a
LOAD c:/nxp/mcuxpressoide_11.0.1_2563/ide/plugins/com.nxp.mcuxpresso.tools.win32_11.0.1.201907311258/tools/bin/../lib/gcc/arm-none-eabi/8.2.1/thumb/v6-m/nofp\libgcc.a
END GROUP
                0x00000000                __base_PROGRAM_FLASH = 0x0
                0x00000000                __base_Flash = 0x0
                0x00020000                __top_PROGRAM_FLASH = 0x20000
                0x00020000                __top_Flash = 0x20000
                0x1ffff000                __base_SRAM = 0x1ffff000
                0x1ffff000                __base_RAM = 0x1ffff000
                0x20003000                __top_SRAM = 0x20003000
                0x20003000                __top_RAM = 0x20003000

.text           0x00000000     0x3af8
 FILL mask 0xff
                0x00000000                __vectors_start__ = ABSOLUTE (.)
 *(.isr_vector)
 .isr_vector    0x00000000       0xc0 ./startup/startup_mkl25z4.o
                0x00000000                g_pfnVectors
                0x00000000                __Vectors
                0x000000c0                . = ALIGN (0x4)
                0x000000c0                __section_table_start = .
                0x000000c0                __data_section_table = .
                0x000000c0        0x4 LONG 0x3af8 LOADADDR (.data)
                0x000000c4        0x4 LONG 0x1ffff080 ADDR (.data)
                0x000000c8        0x4 LONG 0x20 SIZEOF (.data)
                0x000000cc                __data_section_table_end = .
                0x000000cc                __bss_section_table = .
                0x000000cc        0x4 LONG 0x1ffff0a0 ADDR (.bss)
                0x000000d0        0x4 LONG 0x44 SIZEOF (.bss)
                0x000000d4                __bss_section_table_end = .
                0x000000d4                __section_table_end = .
 *(.after_vectors*)
 .after_vectors.init_data
                0x000000d4       0x40 ./startup/startup_mkl25z4.o
                0x000000d4                data_init
 .after_vectors.init_bss
                0x00000114       0x34 ./startup/startup_mkl25z4.o
                0x00000114                bss_init
 .after_vectors.reset
                0x00000148       0x84 ./startup/startup_mkl25z4.o
                0x00000148                ResetISR
 .after_vectors
                0x000001cc      0x1e4 ./startup/startup_mkl25z4.o
                0x000001cc                NMI_Handler
                0x000001d8                SVC_Handler
                0x000001de                PendSV_Handler
                0x000001ea                SPI1_DriverIRQHandler
                0x000001ea                LPTMR0_DriverIRQHandler
                0x000001ea                DMA0_DriverIRQHandler
                0x000001ea                I2C0_DriverIRQHandler
                0x000001ea                Reserved39_DriverIRQHandler
                0x000001ea                PORTD_DriverIRQHandler
                0x000001ea                DMA2_DriverIRQHandler
                0x000001ea                CMP0_DriverIRQHandler
                0x000001ea                TPM2_DriverIRQHandler
                0x000001ea                ADC0_DriverIRQHandler
                0x000001ea                SPI0_DriverIRQHandler
                0x000001ea                TSI0_DriverIRQHandler
                0x000001ea                RTC_Seconds_DriverIRQHandler
                0x000001ea                I2C1_DriverIRQHandler
                0x000001ea                DMA1_DriverIRQHandler
                0x000001ea                LLWU_DriverIRQHandler
                0x000001ea                MCG_DriverIRQHandler
                0x000001ea                PIT_DriverIRQHandler
                0x000001ea                RTC_DriverIRQHandler
                0x000001ea                TPM1_DriverIRQHandler
                0x000001ea                FTFA_DriverIRQHandler
                0x000001ea                IntDefaultHandler
                0x000001ea                USB0_DriverIRQHandler
                0x000001ea                DAC0_DriverIRQHandler
                0x000001ea                PORTA_DriverIRQHandler
                0x000001ea                LVD_LVW_DriverIRQHandler
                0x000001ea                TPM0_DriverIRQHandler
                0x000001ea                Reserved45_DriverIRQHandler
                0x000001ea                DMA3_DriverIRQHandler
                0x000001ea                Reserved20_DriverIRQHandler
                0x000001f0                DMA0_IRQHandler
                0x000001fe                DMA1_IRQHandler
                0x0000020c                DMA2_IRQHandler
                0x0000021a                DMA3_IRQHandler
                0x00000228                Reserved20_IRQHandler
                0x00000236                FTFA_IRQHandler
                0x00000244                LVD_LVW_IRQHandler
                0x00000252                LLWU_IRQHandler
                0x00000260                I2C0_IRQHandler
                0x0000026e                I2C1_IRQHandler
                0x0000027c                SPI0_IRQHandler
                0x0000028a                SPI1_IRQHandler
                0x00000298                UART0_IRQHandler
                0x000002a6                UART1_IRQHandler
                0x000002b4                UART2_IRQHandler
                0x000002c2                ADC0_IRQHandler
                0x000002d0                CMP0_IRQHandler
                0x000002de                TPM0_IRQHandler
                0x000002ec                TPM1_IRQHandler
                0x000002fa                TPM2_IRQHandler
                0x00000308                RTC_IRQHandler
                0x00000316                RTC_Seconds_IRQHandler
                0x00000324                PIT_IRQHandler
                0x00000332                Reserved39_IRQHandler
                0x00000340                USB0_IRQHandler
                0x0000034e                DAC0_IRQHandler
                0x0000035c                TSI0_IRQHandler
                0x0000036a                MCG_IRQHandler
                0x00000378                LPTMR0_IRQHandler
                0x00000386                Reserved45_IRQHandler
                0x000003a2                PORTD_IRQHandler
                0x00000400                . = 0x400
 *fill*         0x000003b0       0x50 ff
                0x00000400                PROVIDE (__FLASH_CONFIG_START__ = .)
 *(.FlashConfig)
 .FlashConfig   0x00000400       0x10 ./startup/startup_mkl25z4.o
                0x00000400                Flash_Config
                0x00000410                PROVIDE (__FLASH_CONFIG_END__ = .)
                0x00000001                ASSERT (! ((__FLASH_CONFIG_START__ == __FLASH_CONFIG_END__)), Linker Flash Config Support Enabled, but no .FlashConfig section provided within application)
 *(.text*)
 .text.main     0x00000410      0x128 ./source/main.o
                0x00000410                main
 .text.GPIO_WritePinOutput
                0x00000538       0x34 ./source/led_control.o
 .text.GPIO_SetPinsOutput
                0x0000056c       0x18 ./source/led_control.o
 .text.GPIO_ClearPinsOutput
                0x00000584       0x18 ./source/led_control.o
 .text.initializeLEDs
                0x0000059c       0x60 ./source/led_control.o
                0x0000059c                initializeLEDs
 .text.toggleLED
                0x000005fc      0x114 ./source/led_control.o
                0x000005fc                toggleLED
 .text.log_string
                0x00000710       0x60 ./source/logger.o
                0x00000710                log_string
 .text.log_temp
                0x00000770       0x88 ./source/logger.o
                0x00000770                log_temp
 .text.printLevel
                0x000007f8       0x4c ./source/logger.o
                0x000007f8                printLevel
 .text.printFunction
                0x00000844      0x104 ./source/logger.o
                0x00000844                printFunction
 .text.runBIT   0x00000948       0x94 ./source/bit.o
                0x00000948                runBIT
 .text.delay    0x000009dc       0x28 ./source/bit.o
                0x000009dc                delay
 .text.i2cInit  0x00000a04       0x74 ./source/i2c.o
                0x00000a04                i2cInit
 .text.i2cWriteBytes
                0x00000a78      0x100 ./source/i2c.o
                0x00000a78                i2cWriteBytes
 .text.i2cReadByte
                0x00000b78      0x134 ./source/i2c.o
                0x00000b78                i2cReadByte
 .text.i2cReadBytes
                0x00000cac      0x1e8 ./source/i2c.o
                0x00000cac                i2cReadBytes
 .text.NVIC_EnableIRQ
                0x00000e94       0x2c ./source/statemachine.o
 .text.NVIC_DisableIRQ
                0x00000ec0       0x30 ./source/statemachine.o
 .text.stateStateMachine
                0x00000ef0      0x1e4 ./source/statemachine.o
                0x00000ef0                stateStateMachine
 .text.stateTableMachine
                0x000010d4      0x1ec ./source/statemachine.o
                0x000010d4                stateTableMachine
 .text.averageReading
                0x000012c0       0x6e ./source/statemachine.o
                0x000012c0                averageReading
 *fill*         0x0000132e        0x2 ff
 .text.printAverageTemperature
                0x00001330       0x64 ./source/statemachine.o
                0x00001330                printAverageTemperature
 .text.HandleEventAlert
                0x00001394       0x18 ./source/statemachine.o
                0x00001394                HandleEventAlert
 .text.HandleEventComplete
                0x000013ac       0x18 ./source/statemachine.o
                0x000013ac                HandleEventComplete
 .text.HandleEventDisconnect
                0x000013c4       0x18 ./source/statemachine.o
                0x000013c4                HandleEventDisconnect
 .text.SysTick_Handler
                0x000013dc       0x28 ./source/statemachine.o
                0x000013dc                SysTick_Handler
 .text.PORTA_IRQHandler
                0x00001404       0x30 ./source/statemachine.o
                0x00001404                PORTA_IRQHandler
 .text.delay1s  0x00001434       0x28 ./source/statemachine.o
                0x00001434                delay1s
 .text.enableInterruptMode
                0x0000145c       0x36 ./source/tmp102.o
                0x0000145c                enableInterruptMode
 *fill*         0x00001492        0x2 ff
 .text.getTemperature
                0x00001494       0xac ./source/tmp102.o
                0x00001494                getTemperature
 .text.initAlertPinInterrupt
                0x00001540       0x48 ./source/tmp102.o
                0x00001540                initAlertPinInterrupt
 .text.HardFault_Handler
                0x00001588       0x30 ./source/semihost_hardfault.o
                0x00001588                HardFault_Handler
 .text.SystemInit
                0x000015b8       0x18 ./CMSIS/system_MKL25Z4.o
                0x000015b8                SystemInit
 .text.UART_EnableTx
                0x000015d0       0x40 ./utilities/fsl_debug_console.o
 .text.UART_EnableRx
                0x00001610       0x40 ./utilities/fsl_debug_console.o
 .text.LPSCI_EnableTx
                0x00001650       0x40 ./utilities/fsl_debug_console.o
 .text.LPSCI_EnableRx
                0x00001690       0x40 ./utilities/fsl_debug_console.o
 .text.DbgConsole_Init
                0x000016d0       0xf0 ./utilities/fsl_debug_console.o
                0x000016d0                DbgConsole_Init
 .text.DbgConsole_Printf
                0x000017c0       0x44 ./utilities/fsl_debug_console.o
                0x000017c0                DbgConsole_Printf
 .text.DbgConsole_Putchar
                0x00001804       0x34 ./utilities/fsl_debug_console.o
                0x00001804                DbgConsole_Putchar
 .text.DbgConsole_PrintfPaddingCharacter
                0x00001838       0x46 ./utilities/fsl_debug_console.o
 .text.DbgConsole_ConvertRadixNumToString
                0x0000187e      0x114 ./utilities/fsl_debug_console.o
 .text.DbgConsole_PrintfFormattedData
                0x00001992      0x336 ./utilities/fsl_debug_console.o
 .text.CLOCK_SetEr32kClock
                0x00001cc8       0x34 ./drivers/fsl_clock.o
 .text.CLOCK_SetPllFllSelClock
                0x00001cfc       0x38 ./drivers/fsl_clock.o
 .text.OSC_SetExtRefClkConfig
                0x00001d34       0x3e ./drivers/fsl_clock.o
 .text.OSC_SetCapLoad
                0x00001d72       0x42 ./drivers/fsl_clock.o
 .text.CLOCK_GetMcgExtClkFreq
                0x00001db4       0x34 ./drivers/fsl_clock.o
 .text.CLOCK_GetFllExtRefClkFreq
                0x00001de8       0xa4 ./drivers/fsl_clock.o
 .text.CLOCK_GetFllRefClkFreq
                0x00001e8c       0x2c ./drivers/fsl_clock.o
 .text.CLOCK_GetPll0RefFreq
                0x00001eb8       0x10 ./drivers/fsl_clock.o
 .text.CLOCK_GetOscRangeFromFreq
                0x00001ec8       0x4c ./drivers/fsl_clock.o
 .text.CLOCK_GetPllFllSelClkFreq
                0x00001f14       0x4c ./drivers/fsl_clock.o
                0x00001f14                CLOCK_GetPllFllSelClkFreq
 .text.CLOCK_SetSimConfig
                0x00001f60       0x38 ./drivers/fsl_clock.o
                0x00001f60                CLOCK_SetSimConfig
 .text.CLOCK_GetFllFreq
                0x00001f98       0x84 ./drivers/fsl_clock.o
                0x00001f98                CLOCK_GetFllFreq
 .text.CLOCK_GetPll0Freq
                0x0000201c       0x80 ./drivers/fsl_clock.o
                0x0000201c                CLOCK_GetPll0Freq
 .text.CLOCK_SetExternalRefClkConfig
                0x0000209c       0x16 ./drivers/fsl_clock.o
                0x0000209c                CLOCK_SetExternalRefClkConfig
 *fill*         0x000020b2        0x2 ff
 .text.CLOCK_SetInternalRefClkConfig
                0x000020b4      0x124 ./drivers/fsl_clock.o
                0x000020b4                CLOCK_SetInternalRefClkConfig
 .text.CLOCK_EnablePll0
                0x000021d8       0xa0 ./drivers/fsl_clock.o
                0x000021d8                CLOCK_EnablePll0
 .text.CLOCK_InitOsc0
                0x00002278       0x94 ./drivers/fsl_clock.o
                0x00002278                CLOCK_InitOsc0
 .text.CLOCK_SetPbeMode
                0x0000230c       0xc0 ./drivers/fsl_clock.o
                0x0000230c                CLOCK_SetPbeMode
 .text.CLOCK_BootToPeeMode
                0x000023cc       0x80 ./drivers/fsl_clock.o
                0x000023cc                CLOCK_BootToPeeMode
 .text.__assert_func
                0x0000244c       0x28 ./drivers/fsl_common.o
                0x0000244c                __assert_func
 .text.CLOCK_EnableClock
                0x00002474       0x34 ./drivers/fsl_lpsci.o
 .text.LPSCI_GetInstance
                0x000024a8       0x54 ./drivers/fsl_lpsci.o
                0x000024a8                LPSCI_GetInstance
 .text.LPSCI_Init
                0x000024fc      0x268 ./drivers/fsl_lpsci.o
                0x000024fc                LPSCI_Init
 .text.LPSCI_GetDefaultConfig
                0x00002764       0x54 ./drivers/fsl_lpsci.o
                0x00002764                LPSCI_GetDefaultConfig
 .text.LPSCI_GetStatusFlags
                0x000027b8       0x26 ./drivers/fsl_lpsci.o
                0x000027b8                LPSCI_GetStatusFlags
 *fill*         0x000027de        0x2 ff
 .text.LPSCI_ClearStatusFlags
                0x000027e0       0x94 ./drivers/fsl_lpsci.o
                0x000027e0                LPSCI_ClearStatusFlags
 .text.LPSCI_WriteBlocking
                0x00002874       0x5c ./drivers/fsl_lpsci.o
                0x00002874                LPSCI_WriteBlocking
 .text.LPSCI_ReadBlocking
                0x000028d0       0xd0 ./drivers/fsl_lpsci.o
                0x000028d0                LPSCI_ReadBlocking
 .text.UART0_DriverIRQHandler
                0x000029a0       0x24 ./drivers/fsl_lpsci.o
                0x000029a0                UART0_DriverIRQHandler
 .text.CLOCK_EnableClock
                0x000029c4       0x34 ./drivers/fsl_uart.o
 .text.UART_GetInstance
                0x000029f8       0x60 ./drivers/fsl_uart.o
                0x000029f8                UART_GetInstance
 .text.UART_Init
                0x00002a58      0x1f0 ./drivers/fsl_uart.o
                0x00002a58                UART_Init
 .text.UART_GetDefaultConfig
                0x00002c48       0x54 ./drivers/fsl_uart.o
                0x00002c48                UART_GetDefaultConfig
 .text.UART_GetStatusFlags
                0x00002c9c       0x26 ./drivers/fsl_uart.o
                0x00002c9c                UART_GetStatusFlags
 .text.UART_WriteBlocking
                0x00002cc2       0x3a ./drivers/fsl_uart.o
                0x00002cc2                UART_WriteBlocking
 .text.UART_ReadBlocking
                0x00002cfc       0xa8 ./drivers/fsl_uart.o
                0x00002cfc                UART_ReadBlocking
 .text.UART1_DriverIRQHandler
                0x00002da4       0x24 ./drivers/fsl_uart.o
                0x00002da4                UART1_DriverIRQHandler
 .text.UART2_DriverIRQHandler
                0x00002dc8       0x24 ./drivers/fsl_uart.o
                0x00002dc8                UART2_DriverIRQHandler
 .text.CLOCK_SetLpsci0Clock
                0x00002dec       0x38 ./board/board.o
 .text.BOARD_InitDebugConsole
                0x00002e24       0x30 ./board/board.o
                0x00002e24                BOARD_InitDebugConsole
 .text.CLOCK_SetSimSafeDivs
                0x00002e54       0x20 ./board/clock_config.o
 .text.CLOCK_SetXtal0Freq
                0x00002e74       0x1c ./board/clock_config.o
 .text.CLOCK_SetXtal32Freq
                0x00002e90       0x1c ./board/clock_config.o
 .text.CLOCK_CONFIG_SetFllExtRefDiv
                0x00002eac       0x3c ./board/clock_config.o
 .text.BOARD_InitBootClocks
                0x00002ee8        0xe ./board/clock_config.o
                0x00002ee8                BOARD_InitBootClocks
 *fill*         0x00002ef6        0x2 ff
 .text.BOARD_BootClockRUN
                0x00002ef8       0x70 ./board/clock_config.o
                0x00002ef8                BOARD_BootClockRUN
 .text.BOARD_InitBootPeripherals
                0x00002f68        0xa ./board/peripherals.o
                0x00002f68                BOARD_InitBootPeripherals
 *fill*         0x00002f72        0x2 ff
 .text.CLOCK_EnableClock
                0x00002f74       0x34 ./board/pin_mux.o
 .text.PORT_SetPinMux
                0x00002fa8       0x40 ./board/pin_mux.o
 .text.BOARD_InitBootPins
                0x00002fe8        0xe ./board/pin_mux.o
                0x00002fe8                BOARD_InitBootPins
 *fill*         0x00002ff6        0x2 ff
 .text.BOARD_InitPins
                0x00002ff8       0xd0 ./board/pin_mux.o
                0x00002ff8                BOARD_InitPins
 .text.memcpy   0x000030c8        0x8 c:/nxp/mcuxpressoide_11.0.1_2563/ide/plugins/com.nxp.mcuxpresso.tools.win32_11.0.1.201907311258/tools/bin/../lib/gcc/arm-none-eabi/8.2.1/../../../../arm-none-eabi/lib/thumb/v6-m/nofp\libcr_c.a(memcpy.o)
                0x000030c8                memcpy
 .text.malloc   0x000030d0       0xcc c:/nxp/mcuxpressoide_11.0.1_2563/ide/plugins/com.nxp.mcuxpresso.tools.win32_11.0.1.201907311258/tools/bin/../lib/gcc/arm-none-eabi/8.2.1/../../../../arm-none-eabi/lib/thumb/v6-m/nofp\libcr_c.a(alloc.o)
                0x000030d0                malloc
 .text.free     0x0000319c       0x2c c:/nxp/mcuxpressoide_11.0.1_2563/ide/plugins/com.nxp.mcuxpresso.tools.win32_11.0.1.201907311258/tools/bin/../lib/gcc/arm-none-eabi/8.2.1/../../../../arm-none-eabi/lib/thumb/v6-m/nofp\libcr_c.a(alloc.o)
                0x0000319c                free
 .text.strlen   0x000031c8       0x58 c:/nxp/mcuxpressoide_11.0.1_2563/ide/plugins/com.nxp.mcuxpresso.tools.win32_11.0.1.201907311258/tools/bin/../lib/gcc/arm-none-eabi/8.2.1/../../../../arm-none-eabi/lib/thumb/v6-m/nofp\libcr_c.a(strlen.o)
                0x000031c8                strlen
 .text._sbrk    0x00003220       0x40 c:/nxp/mcuxpressoide_11.0.1_2563/ide/plugins/com.nxp.mcuxpresso.tools.win32_11.0.1.201907311258/tools/bin/../lib/gcc/arm-none-eabi/8.2.1/../../../../arm-none-eabi/lib/thumb/v6-m/nofp\libcr_c.a(_cr_sbrk.o)
                0x00003220                _sbrk
 .text.__check_heap_overflow
                0x00003260       0x14 c:/nxp/mcuxpressoide_11.0.1_2563/ide/plugins/com.nxp.mcuxpresso.tools.win32_11.0.1.201907311258/tools/bin/../lib/gcc/arm-none-eabi/8.2.1/../../../../arm-none-eabi/lib/thumb/v6-m/nofp\libcr_c.a(_cr_check_heap.o)
                0x00003260                __check_heap_overflow
 .text.__aeabi_division_idivmod
                0x00003274       0x78 c:/nxp/mcuxpressoide_11.0.1_2563/ide/plugins/com.nxp.mcuxpresso.tools.win32_11.0.1.201907311258/tools/bin/../lib/gcc/arm-none-eabi/8.2.1/thumb/v6-m/nofp\libcr_eabihelpers.a(division_32.o)
                0x00003274                __aeabi_idivmod
                0x00003274                __aeabi_idiv
                0x0000327a                __aeabi_uidivmod
                0x0000327a                __aeabi_uidiv
 .text.__aeabi_division_idiv0
                0x000032ec        0x2 c:/nxp/mcuxpressoide_11.0.1_2563/ide/plugins/com.nxp.mcuxpresso.tools.win32_11.0.1.201907311258/tools/bin/../lib/gcc/arm-none-eabi/8.2.1/thumb/v6-m/nofp\libcr_eabihelpers.a(division_idiv0.o)
                0x000032ec                __aeabi_idiv0
 *fill*         0x000032ee        0x2 ff
 .text.__aeabi_dmul
                0x000032f0      0x188 c:/nxp/mcuxpressoide_11.0.1_2563/ide/plugins/com.nxp.mcuxpresso.tools.win32_11.0.1.201907311258/tools/bin/../lib/gcc/arm-none-eabi/8.2.1/thumb/v6-m/nofp\libcr_eabihelpers.a(double.o)
                0x000032f0                __aeabi_dmul
 .text.__aeabi_d2iz
                0x00003478       0x4c c:/nxp/mcuxpressoide_11.0.1_2563/ide/plugins/com.nxp.mcuxpresso.tools.win32_11.0.1.201907311258/tools/bin/../lib/gcc/arm-none-eabi/8.2.1/thumb/v6-m/nofp\libcr_eabihelpers.a(double.o)
                0x00003478                __aeabi_d2iz
 .text.__bhs_ui2d
                0x000034c4       0x5e c:/nxp/mcuxpressoide_11.0.1_2563/ide/plugins/com.nxp.mcuxpresso.tools.win32_11.0.1.201907311258/tools/bin/../lib/gcc/arm-none-eabi/8.2.1/thumb/v6-m/nofp\libcr_eabihelpers.a(double.o)
                0x000034c4                __bhs_ui2d
 .text.__aeabi_i2d
                0x00003522       0x18 c:/nxp/mcuxpressoide_11.0.1_2563/ide/plugins/com.nxp.mcuxpresso.tools.win32_11.0.1.201907311258/tools/bin/../lib/gcc/arm-none-eabi/8.2.1/thumb/v6-m/nofp\libcr_eabihelpers.a(double.o)
                0x00003522                __aeabi_i2d
 .text.__aeabi_llong_lmul
                0x0000353a       0x2e c:/nxp/mcuxpressoide_11.0.1_2563/ide/plugins/com.nxp.mcuxpresso.tools.win32_11.0.1.201907311258/tools/bin/../lib/gcc/arm-none-eabi/8.2.1/thumb/v6-m/nofp\libcr_eabihelpers.a(llong.o)
                0x0000353a                __aeabi_lmul
 .text.__aeabi_memcpy
                0x00003568       0x2c c:/nxp/mcuxpressoide_11.0.1_2563/ide/plugins/com.nxp.mcuxpresso.tools.win32_11.0.1.201907311258/tools/bin/../lib/gcc/arm-none-eabi/8.2.1/thumb/v6-m/nofp\libcr_eabihelpers.a(memcpy.o)
                0x00003568                __aeabi_memcpy4
                0x00003568                __aeabi_memcpy8
                0x00003568                __aeabi_memcpy
 *(.rodata .rodata.* .constdata .constdata.*)
 .rodata        0x00003594       0x2e ./source/led_control.o
 *fill*         0x000035c2        0x2 ff
 .rodata        0x000035c4      0x132 ./source/logger.o
 *fill*         0x000036f6        0x2 ff
 .rodata        0x000036f8       0x3d ./source/bit.o
 *fill*         0x00003735        0x3 ff
 .rodata        0x00003738       0x7d ./source/statemachine.o
 *fill*         0x000037b5        0x3 ff
 .rodata        0x000037b8       0x47 ./drivers/fsl_clock.o
 *fill*         0x000037ff        0x1 ff
 .rodata.__func__.5326
                0x00003800       0x17 ./drivers/fsl_clock.o
 *fill*         0x00003817        0x1 ff
 .rodata.fllFactorTable.5432
                0x00003818       0x10 ./drivers/fsl_clock.o
 .rodata.__func__.5447
                0x00003828       0x12 ./drivers/fsl_clock.o
 *fill*         0x0000383a        0x2 ff
 .rodata.__func__.5487
                0x0000383c       0x11 ./drivers/fsl_clock.o
 *fill*         0x0000384d        0x3 ff
 .rodata.__func__.5624
                0x00003850       0x11 ./drivers/fsl_clock.o
 *fill*         0x00003861        0x3 ff
 .rodata.__func__.5691
                0x00003864       0x14 ./drivers/fsl_clock.o
 .rodata        0x00003878       0x3e ./drivers/fsl_common.o
 *fill*         0x000038b6        0x2 ff
 .rodata        0x000038b8       0xb2 ./drivers/fsl_lpsci.o
 *fill*         0x0000396a        0x2 ff
 .rodata.__func__.5507
                0x0000396c       0x12 ./drivers/fsl_lpsci.o
 *fill*         0x0000397e        0x2 ff
 .rodata.__func__.5543
                0x00003980        0xb ./drivers/fsl_lpsci.o
 *fill*         0x0000398b        0x1 ff
 .rodata.__func__.5564
                0x0000398c       0x17 ./drivers/fsl_lpsci.o
 *fill*         0x000039a3        0x1 ff
 .rodata.__func__.5609
                0x000039a4       0x14 ./drivers/fsl_lpsci.o
 .rodata.__func__.5621
                0x000039b8       0x13 ./drivers/fsl_lpsci.o
 *fill*         0x000039cb        0x1 ff
 .rodata.s_uartBases
                0x000039cc        0xc ./drivers/fsl_uart.o
 .rodata.s_uartClock
                0x000039d8        0xc ./drivers/fsl_uart.o
 .rodata        0x000039e4       0xaa ./drivers/fsl_uart.o
 *fill*         0x00003a8e        0x2 ff
 .rodata.__func__.5510
                0x00003a90       0x11 ./drivers/fsl_uart.o
 *fill*         0x00003aa1        0x3 ff
 .rodata.__func__.5526
                0x00003aa4        0xa ./drivers/fsl_uart.o
 *fill*         0x00003aae        0x2 ff
 .rodata.__func__.5539
                0x00003ab0       0x16 ./drivers/fsl_uart.o
 *fill*         0x00003ac6        0x2 ff
 .rodata.__func__.5597
                0x00003ac8       0x12 ./drivers/fsl_uart.o
 *fill*         0x00003ada        0x2 ff
 .rodata.mcgConfig_BOARD_BootClockRUN
                0x00003adc        0xa ./board/clock_config.o
                0x00003adc                mcgConfig_BOARD_BootClockRUN
 *fill*         0x00003ae6        0x2 ff
 .rodata.simConfig_BOARD_BootClockRUN
                0x00003ae8        0x8 ./board/clock_config.o
                0x00003ae8                simConfig_BOARD_BootClockRUN
 .rodata.oscConfig_BOARD_BootClockRUN
                0x00003af0        0x8 ./board/clock_config.o
                0x00003af0                oscConfig_BOARD_BootClockRUN
                0x00003af8                . = ALIGN (0x4)

.glue_7         0x00003af8        0x0
 .glue_7        0x00003af8        0x0 linker stubs

.glue_7t        0x00003af8        0x0
 .glue_7t       0x00003af8        0x0 linker stubs

.vfp11_veneer   0x00003af8        0x0
 .vfp11_veneer  0x00003af8        0x0 linker stubs

.v4_bx          0x00003af8        0x0
 .v4_bx         0x00003af8        0x0 linker stubs

.iplt           0x00003af8        0x0
 .iplt          0x00003af8        0x0 ./source/main.o

.rel.dyn        0x00003af8        0x0
 .rel.iplt      0x00003af8        0x0 ./source/main.o

.ARM.extab
 *(.ARM.extab* .gnu.linkonce.armextab.*)
                0x00003af8                __exidx_start = .

.ARM.exidx
 *(.ARM.exidx* .gnu.linkonce.armexidx.*)
                0x00003af8                __exidx_end = .
                0x00003af8                _etext = .

.m_usb_data
 *(m_usb_bdt)

.mtb_buffer_default
                0x1ffff000       0x80
 *(.mtb*)
 .mtb.$RAM1     0x1ffff000       0x80 ./source/mtb.o
                0x1ffff000                __mtb_buffer__

.uninit_RESERVED
                0x1ffff080        0x0
                0x1ffff080                . = ALIGN (0x4)
 *(.bss.$RESERVED*)
                0x1ffff080                . = ALIGN (0x4)
                0x1ffff080                _end_uninit_RESERVED = .

.data           0x1ffff080       0x20 load address 0x00003af8
 FILL mask 0xff
                0x1ffff080                _data = .
 *(vtable)
 *(.ramfunc*)
 *(CodeQuickAccess)
 *(DataQuickAccess)
 *(RamFunction)
 *(.data*)
 .data.stateTablex
                0x1ffff080       0x18 ./source/main.o
                0x1ffff080                stateTablex
 .data.SystemCoreClock
                0x1ffff098        0x4 ./CMSIS/system_MKL25Z4.o
                0x1ffff098                SystemCoreClock
 .data.s_slowIrcFreq
                0x1ffff09c        0x4 ./drivers/fsl_clock.o
                0x1ffff0a0                . = ALIGN (0x4)
                0x1ffff0a0                _edata = .

.igot.plt       0x1ffff0a0        0x0 load address 0x00003b18
 .igot.plt      0x1ffff0a0        0x0 ./source/main.o

.bss            0x1ffff0a0       0x44 load address 0x00003b18
                0x1ffff0a0                . = ALIGN (0x4)
                0x1ffff0a0                _bss = .
 *(.bss*)
 .bss.s_debugConsole
                0x1ffff0a0       0x10 ./utilities/fsl_debug_console.o
 .bss.s_lpsciHandle
                0x1ffff0b0        0x4 ./drivers/fsl_lpsci.o
 .bss.s_lpsciIsr
                0x1ffff0b4        0x4 ./drivers/fsl_lpsci.o
 .bss.s_uartHandle
                0x1ffff0b8        0xc ./drivers/fsl_uart.o
 .bss.s_uartIsr
                0x1ffff0c4        0x4 ./drivers/fsl_uart.o
 .bss.__end_of_heap
                0x1ffff0c8        0x4 c:/nxp/mcuxpressoide_11.0.1_2563/ide/plugins/com.nxp.mcuxpresso.tools.win32_11.0.1.201907311258/tools/bin/../lib/gcc/arm-none-eabi/8.2.1/../../../../arm-none-eabi/lib/thumb/v6-m/nofp\libcr_c.a(__init_alloc.o)
                0x1ffff0c8                __end_of_heap
 .bss.__heaps   0x1ffff0cc        0x4 c:/nxp/mcuxpressoide_11.0.1_2563/ide/plugins/com.nxp.mcuxpresso.tools.win32_11.0.1.201907311258/tools/bin/../lib/gcc/arm-none-eabi/8.2.1/../../../../arm-none-eabi/lib/thumb/v6-m/nofp\libcr_c.a(__init_alloc.o)
                0x1ffff0cc                __heaps
 .bss.errno     0x1ffff0d0        0x4 c:/nxp/mcuxpressoide_11.0.1_2563/ide/plugins/com.nxp.mcuxpresso.tools.win32_11.0.1.201907311258/tools/bin/../lib/gcc/arm-none-eabi/8.2.1/../../../../arm-none-eabi/lib/thumb/v6-m/nofp\libcr_c.a(errno.o)
                0x1ffff0d0                errno
 *(COMMON)
 COMMON         0x1ffff0d4        0x8 ./source/main.o
                0x1ffff0d4                log_a
                0x1ffff0d5                bit
                0x1ffff0d6                state
                0x1ffff0d7                g_testrun
                0x1ffff0d8                result
                0x1ffff0d9                g_count
                0x1ffff0da                log_level
                0x1ffff0db                g_alert
 COMMON         0x1ffff0dc        0x8 ./drivers/fsl_clock.o
                0x1ffff0dc                g_xtal32Freq
                0x1ffff0e0                g_xtal0Freq
                0x1ffff0e4                . = ALIGN (0x4)
                0x1ffff0e4                _ebss = .
                [!provide]                PROVIDE (end = .)

.noinit         0x1ffff0e4        0x0 load address 0x00003b18
                0x1ffff0e4                . = ALIGN (0x4)
                0x1ffff0e4                _noinit = .
 *(.noinit*)
                0x1ffff0e4                . = ALIGN (0x4)
                0x1ffff0e4                _end_noinit = .
                0x00000400                _HeapSize = 0x400

.heap           0x1ffff0e4      0x400 load address 0x00003b18
                0x1ffff0e4                _pvHeapStart = .
                0x1ffff4e4                . = (. + _HeapSize)
 *fill*         0x1ffff0e4      0x400 
                0x1ffff4e4                . = ALIGN (0x4)
                0x1ffff4e4                _pvHeapLimit = .
                0x00000400                _StackSize = 0x400

.heap2stackfill
                0x1ffff4e4      0x400 load address 0x00003b18
                0x1ffff8e4                . = (. + _StackSize)
 *fill*         0x1ffff4e4      0x400 

.stack          0x20002c00        0x0
                0x20002c00                _vStackBase = .
                0x20002c00                . = ALIGN (0x4)
                0x20003000                _vStackTop = (. + _StackSize)
                0x00000000                _image_start = LOADADDR (.text)
                0x00003b18                _image_end = (LOADADDR (.data) + SIZEOF (.data))
                0x00003b18                _image_size = (_image_end - _image_start)
OUTPUT(project4.axf elf32-littlearm)

.debug_info     0x00000000    0x13237
 .debug_info    0x00000000     0x1073 ./source/main.o
 .debug_info    0x00001073      0xe7b ./source/led_control.o
 .debug_info    0x00001eee      0xf5b ./source/logger.o
 .debug_info    0x00002e49      0xda3 ./source/bit.o
 .debug_info    0x00003bec     0x1114 ./source/i2c.o
 .debug_info    0x00004d00     0x1481 ./source/statemachine.o
 .debug_info    0x00006181      0xf16 ./source/tmp102.o
 .debug_info    0x00007097       0x4f ./source/mtb.o
 .debug_info    0x000070e6       0x38 ./source/semihost_hardfault.o
 .debug_info    0x0000711e      0x4f5 ./startup/startup_mkl25z4.o
 .debug_info    0x00007613      0x421 ./CMSIS/system_MKL25Z4.o
 .debug_info    0x00007a34     0x17de ./utilities/fsl_debug_console.o
 .debug_info    0x00009212     0x2409 ./drivers/fsl_clock.o
 .debug_info    0x0000b61b      0xce0 ./drivers/fsl_common.o
 .debug_info    0x0000c2fb     0x1f25 ./drivers/fsl_lpsci.o
 .debug_info    0x0000e220     0x1ea2 ./drivers/fsl_uart.o
 .debug_info    0x000100c2      0xf78 ./board/board.o
 .debug_info    0x0001103a     0x13a4 ./board/clock_config.o
 .debug_info    0x000123de       0x38 ./board/peripherals.o
 .debug_info    0x00012416      0xe21 ./board/pin_mux.o

.debug_abbrev   0x00000000     0x3058
 .debug_abbrev  0x00000000      0x25d ./source/main.o
 .debug_abbrev  0x0000025d      0x288 ./source/led_control.o
 .debug_abbrev  0x000004e5      0x294 ./source/logger.o
 .debug_abbrev  0x00000779      0x23e ./source/bit.o
 .debug_abbrev  0x000009b7      0x2b7 ./source/i2c.o
 .debug_abbrev  0x00000c6e      0x383 ./source/statemachine.o
 .debug_abbrev  0x00000ff1      0x26e ./source/tmp102.o
 .debug_abbrev  0x0000125f       0x43 ./source/mtb.o
 .debug_abbrev  0x000012a2       0x2e ./source/semihost_hardfault.o
 .debug_abbrev  0x000012d0      0x17b ./startup/startup_mkl25z4.o
 .debug_abbrev  0x0000144b      0x12b ./CMSIS/system_MKL25Z4.o
 .debug_abbrev  0x00001576      0x389 ./utilities/fsl_debug_console.o
 .debug_abbrev  0x000018ff      0x436 ./drivers/fsl_clock.o
 .debug_abbrev  0x00001d35      0x379 ./drivers/fsl_common.o
 .debug_abbrev  0x000020ae      0x3c2 ./drivers/fsl_lpsci.o
 .debug_abbrev  0x00002470      0x3dc ./drivers/fsl_uart.o
 .debug_abbrev  0x0000284c      0x259 ./board/board.o
 .debug_abbrev  0x00002aa5      0x2e5 ./board/clock_config.o
 .debug_abbrev  0x00002d8a       0x2e ./board/peripherals.o
 .debug_abbrev  0x00002db8      0x2a0 ./board/pin_mux.o

.debug_aranges  0x00000000      0x990
 .debug_aranges
                0x00000000       0x20 ./source/main.o
 .debug_aranges
                0x00000020       0x40 ./source/led_control.o
 .debug_aranges
                0x00000060       0x60 ./source/logger.o
 .debug_aranges
                0x000000c0       0x28 ./source/bit.o
 .debug_aranges
                0x000000e8       0x40 ./source/i2c.o
 .debug_aranges
                0x00000128       0x90 ./source/statemachine.o
 .debug_aranges
                0x000001b8       0x40 ./source/tmp102.o
 .debug_aranges
                0x000001f8       0x18 ./source/mtb.o
 .debug_aranges
                0x00000210       0x20 ./source/semihost_hardfault.o
 .debug_aranges
                0x00000230      0x160 ./startup/startup_mkl25z4.o
 .debug_aranges
                0x00000390       0x28 ./CMSIS/system_MKL25Z4.o
 .debug_aranges
                0x000003b8       0xa0 ./utilities/fsl_debug_console.o
 .debug_aranges
                0x00000458      0x1d8 ./drivers/fsl_clock.o
 .debug_aranges
                0x00000630       0x38 ./drivers/fsl_common.o
 .debug_aranges
                0x00000668      0x118 ./drivers/fsl_lpsci.o
 .debug_aranges
                0x00000780      0x130 ./drivers/fsl_uart.o
 .debug_aranges
                0x000008b0       0x28 ./board/board.o
 .debug_aranges
                0x000008d8       0x60 ./board/clock_config.o
 .debug_aranges
                0x00000938       0x20 ./board/peripherals.o
 .debug_aranges
                0x00000958       0x38 ./board/pin_mux.o

.debug_ranges   0x00000000      0x848
 .debug_ranges  0x00000000       0x10 ./source/main.o
 .debug_ranges  0x00000010       0x30 ./source/led_control.o
 .debug_ranges  0x00000040       0x50 ./source/logger.o
 .debug_ranges  0x00000090       0x18 ./source/bit.o
 .debug_ranges  0x000000a8       0x30 ./source/i2c.o
 .debug_ranges  0x000000d8       0x80 ./source/statemachine.o
 .debug_ranges  0x00000158       0x30 ./source/tmp102.o
 .debug_ranges  0x00000188       0x10 ./source/semihost_hardfault.o
 .debug_ranges  0x00000198      0x150 ./startup/startup_mkl25z4.o
 .debug_ranges  0x000002e8       0x18 ./CMSIS/system_MKL25Z4.o
 .debug_ranges  0x00000300       0x90 ./utilities/fsl_debug_console.o
 .debug_ranges  0x00000390      0x1c8 ./drivers/fsl_clock.o
 .debug_ranges  0x00000558       0x28 ./drivers/fsl_common.o
 .debug_ranges  0x00000580      0x108 ./drivers/fsl_lpsci.o
 .debug_ranges  0x00000688      0x120 ./drivers/fsl_uart.o
 .debug_ranges  0x000007a8       0x18 ./board/board.o
 .debug_ranges  0x000007c0       0x50 ./board/clock_config.o
 .debug_ranges  0x00000810       0x10 ./board/peripherals.o
 .debug_ranges  0x00000820       0x28 ./board/pin_mux.o

.debug_line     0x00000000     0x6db3
 .debug_line    0x00000000      0x3ab ./source/main.o
 .debug_line    0x000003ab      0x3d2 ./source/led_control.o
 .debug_line    0x0000077d      0x4ce ./source/logger.o
 .debug_line    0x00000c4b      0x35d ./source/bit.o
 .debug_line    0x00000fa8      0x5e1 ./source/i2c.o
 .debug_line    0x00001589      0x6d4 ./source/statemachine.o
 .debug_line    0x00001c5d      0x3e2 ./source/tmp102.o
 .debug_line    0x0000203f       0x30 ./source/mtb.o
 .debug_line    0x0000206f       0x5a ./source/semihost_hardfault.o
 .debug_line    0x000020c9      0x249 ./startup/startup_mkl25z4.o
 .debug_line    0x00002312      0x2c0 ./CMSIS/system_MKL25Z4.o
 .debug_line    0x000025d2      0xcfb ./utilities/fsl_debug_console.o
 .debug_line    0x000032cd     0x12d3 ./drivers/fsl_clock.o
 .debug_line    0x000045a0      0x3e8 ./drivers/fsl_common.o
 .debug_line    0x00004988      0xd57 ./drivers/fsl_lpsci.o
 .debug_line    0x000056df      0xd45 ./drivers/fsl_uart.o
 .debug_line    0x00006424      0x2a9 ./board/board.o
 .debug_line    0x000066cd      0x39f ./board/clock_config.o
 .debug_line    0x00006a6c       0x4b ./board/peripherals.o
 .debug_line    0x00006ab7      0x2fc ./board/pin_mux.o

.debug_str      0x00000000     0x44b8
 .debug_str     0x00000000      0xe55 ./source/main.o
                                0xf0a (size before relaxing)
 .debug_str     0x00000e55      0x155 ./source/led_control.o
                                0xac2 (size before relaxing)
 .debug_str     0x00000faa       0xa7 ./source/logger.o
                                0xaeb (size before relaxing)
 .debug_str     0x00001051       0x30 ./source/bit.o
                                0xa66 (size before relaxing)
 .debug_str     0x00001081      0x16e ./source/i2c.o
                                0xadd (size before relaxing)
 .debug_str     0x000011ef      0x3a2 ./source/statemachine.o
                                0xee9 (size before relaxing)
 .debug_str     0x00001591       0x82 ./source/tmp102.o
                                0xb1d (size before relaxing)
 .debug_str     0x00001613       0x1f ./source/mtb.o
                                0x13d (size before relaxing)
 .debug_str     0x00001632       0x31 ./source/semihost_hardfault.o
                                0x13d (size before relaxing)
 .debug_str     0x00001663      0x361 ./startup/startup_mkl25z4.o
                                0x4b3 (size before relaxing)
 .debug_str     0x000019c4       0x6f ./CMSIS/system_MKL25Z4.o
                                0x314 (size before relaxing)
 .debug_str     0x00001a33      0x6c5 ./utilities/fsl_debug_console.o
                               0x1198 (size before relaxing)
 .debug_str     0x000020f8      0xcfa ./drivers/fsl_clock.o
                               0x1bc7 (size before relaxing)
 .debug_str     0x00002df2      0x139 ./drivers/fsl_common.o
                                0x8cb (size before relaxing)
 .debug_str     0x00002f2b      0x95f ./drivers/fsl_lpsci.o
                               0x198f (size before relaxing)
 .debug_str     0x0000388a      0x819 ./drivers/fsl_uart.o
                               0x199b (size before relaxing)
 .debug_str     0x000040a3       0x4c ./board/board.o
                                0xa52 (size before relaxing)
 .debug_str     0x000040ef      0x24b ./board/clock_config.o
                               0x11a4 (size before relaxing)
 .debug_str     0x0000433a       0x31 ./board/peripherals.o
                                0x13d (size before relaxing)
 .debug_str     0x0000436b      0x14d ./board/pin_mux.o
                                0x999 (size before relaxing)

.comment        0x00000000       0x75
 .comment       0x00000000       0x75 ./source/main.o
                                 0x76 (size before relaxing)
 .comment       0x00000075       0x76 ./source/led_control.o
 .comment       0x00000075       0x76 ./source/logger.o
 .comment       0x00000075       0x76 ./source/bit.o
 .comment       0x00000075       0x76 ./source/i2c.o
 .comment       0x00000075       0x76 ./source/statemachine.o
 .comment       0x00000075       0x76 ./source/tmp102.o
 .comment       0x00000075       0x76 ./source/mtb.o
 .comment       0x00000075       0x76 ./source/semihost_hardfault.o
 .comment       0x00000075       0x76 ./startup/startup_mkl25z4.o
 .comment       0x00000075       0x76 ./CMSIS/system_MKL25Z4.o
 .comment       0x00000075       0x76 ./utilities/fsl_debug_console.o
 .comment       0x00000075       0x76 ./drivers/fsl_clock.o
 .comment       0x00000075       0x76 ./drivers/fsl_common.o
 .comment       0x00000075       0x76 ./drivers/fsl_lpsci.o
 .comment       0x00000075       0x76 ./drivers/fsl_uart.o
 .comment       0x00000075       0x76 ./board/board.o
 .comment       0x00000075       0x76 ./board/clock_config.o
 .comment       0x00000075       0x76 ./board/peripherals.o
 .comment       0x00000075       0x76 ./board/pin_mux.o
 .comment       0x00000075       0x76 c:/nxp/mcuxpressoide_11.0.1_2563/ide/plugins/com.nxp.mcuxpresso.tools.win32_11.0.1.201907311258/tools/bin/../lib/gcc/arm-none-eabi/8.2.1/../../../../arm-none-eabi/lib/thumb/v6-m/nofp\libcr_c.a(memcpy.o)
 .comment       0x00000075       0x76 c:/nxp/mcuxpressoide_11.0.1_2563/ide/plugins/com.nxp.mcuxpresso.tools.win32_11.0.1.201907311258/tools/bin/../lib/gcc/arm-none-eabi/8.2.1/../../../../arm-none-eabi/lib/thumb/v6-m/nofp\libcr_c.a(alloc.o)
 .comment       0x00000075       0x76 c:/nxp/mcuxpressoide_11.0.1_2563/ide/plugins/com.nxp.mcuxpresso.tools.win32_11.0.1.201907311258/tools/bin/../lib/gcc/arm-none-eabi/8.2.1/../../../../arm-none-eabi/lib/thumb/v6-m/nofp\libcr_c.a(strlen.o)
 .comment       0x00000075       0x76 c:/nxp/mcuxpressoide_11.0.1_2563/ide/plugins/com.nxp.mcuxpresso.tools.win32_11.0.1.201907311258/tools/bin/../lib/gcc/arm-none-eabi/8.2.1/../../../../arm-none-eabi/lib/thumb/v6-m/nofp\libcr_c.a(__init_alloc.o)
 .comment       0x00000075       0x76 c:/nxp/mcuxpressoide_11.0.1_2563/ide/plugins/com.nxp.mcuxpresso.tools.win32_11.0.1.201907311258/tools/bin/../lib/gcc/arm-none-eabi/8.2.1/../../../../arm-none-eabi/lib/thumb/v6-m/nofp\libcr_c.a(_cr_sbrk.o)
 .comment       0x00000075       0x76 c:/nxp/mcuxpressoide_11.0.1_2563/ide/plugins/com.nxp.mcuxpresso.tools.win32_11.0.1.201907311258/tools/bin/../lib/gcc/arm-none-eabi/8.2.1/../../../../arm-none-eabi/lib/thumb/v6-m/nofp\libcr_c.a(errno.o)
 .comment       0x00000075       0x76 c:/nxp/mcuxpressoide_11.0.1_2563/ide/plugins/com.nxp.mcuxpresso.tools.win32_11.0.1.201907311258/tools/bin/../lib/gcc/arm-none-eabi/8.2.1/../../../../arm-none-eabi/lib/thumb/v6-m/nofp\libcr_c.a(_cr_check_heap.o)
 .comment       0x00000075       0x76 c:/nxp/mcuxpressoide_11.0.1_2563/ide/plugins/com.nxp.mcuxpresso.tools.win32_11.0.1.201907311258/tools/bin/../lib/gcc/arm-none-eabi/8.2.1/thumb/v6-m/nofp\libcr_eabihelpers.a(double.o)

.ARM.attributes
                0x00000000       0x2a
 .ARM.attributes
                0x00000000       0x2c ./source/main.o
 .ARM.attributes
                0x0000002c       0x2c ./source/led_control.o
 .ARM.attributes
                0x00000058       0x2c ./source/logger.o
 .ARM.attributes
                0x00000084       0x2c ./source/bit.o
 .ARM.attributes
                0x000000b0       0x2c ./source/i2c.o
 .ARM.attributes
                0x000000dc       0x2c ./source/statemachine.o
 .ARM.attributes
                0x00000108       0x2c ./source/tmp102.o
 .ARM.attributes
                0x00000134       0x32 ./source/mtb.o
 .ARM.attributes
                0x00000166       0x2c ./source/semihost_hardfault.o
 .ARM.attributes
                0x00000192       0x2c ./startup/startup_mkl25z4.o
 .ARM.attributes
                0x000001be       0x2c ./CMSIS/system_MKL25Z4.o
 .ARM.attributes
                0x000001ea       0x2c ./utilities/fsl_debug_console.o
 .ARM.attributes
                0x00000216       0x2c ./drivers/fsl_clock.o
 .ARM.attributes
                0x00000242       0x2c ./drivers/fsl_common.o
 .ARM.attributes
                0x0000026e       0x2c ./drivers/fsl_lpsci.o
 .ARM.attributes
                0x0000029a       0x2c ./drivers/fsl_uart.o
 .ARM.attributes
                0x000002c6       0x2c ./board/board.o
 .ARM.attributes
                0x000002f2       0x2c ./board/clock_config.o
 .ARM.attributes
                0x0000031e       0x2c ./board/peripherals.o
 .ARM.attributes
                0x0000034a       0x2c ./board/pin_mux.o
 .ARM.attributes
                0x00000376       0x2c c:/nxp/mcuxpressoide_11.0.1_2563/ide/plugins/com.nxp.mcuxpresso.tools.win32_11.0.1.201907311258/tools/bin/../lib/gcc/arm-none-eabi/8.2.1/../../../../arm-none-eabi/lib/thumb/v6-m/nofp\libcr_c.a(memcpy.o)
 .ARM.attributes
                0x000003a2       0x2c c:/nxp/mcuxpressoide_11.0.1_2563/ide/plugins/com.nxp.mcuxpresso.tools.win32_11.0.1.201907311258/tools/bin/../lib/gcc/arm-none-eabi/8.2.1/../../../../arm-none-eabi/lib/thumb/v6-m/nofp\libcr_c.a(alloc.o)
 .ARM.attributes
                0x000003ce       0x2c c:/nxp/mcuxpressoide_11.0.1_2563/ide/plugins/com.nxp.mcuxpresso.tools.win32_11.0.1.201907311258/tools/bin/../lib/gcc/arm-none-eabi/8.2.1/../../../../arm-none-eabi/lib/thumb/v6-m/nofp\libcr_c.a(strlen.o)
 .ARM.attributes
                0x000003fa       0x2c c:/nxp/mcuxpressoide_11.0.1_2563/ide/plugins/com.nxp.mcuxpresso.tools.win32_11.0.1.201907311258/tools/bin/../lib/gcc/arm-none-eabi/8.2.1/../../../../arm-none-eabi/lib/thumb/v6-m/nofp\libcr_c.a(__init_alloc.o)
 .ARM.attributes
                0x00000426       0x2c c:/nxp/mcuxpressoide_11.0.1_2563/ide/plugins/com.nxp.mcuxpresso.tools.win32_11.0.1.201907311258/tools/bin/../lib/gcc/arm-none-eabi/8.2.1/../../../../arm-none-eabi/lib/thumb/v6-m/nofp\libcr_c.a(_cr_sbrk.o)
 .ARM.attributes
                0x00000452       0x31 c:/nxp/mcuxpressoide_11.0.1_2563/ide/plugins/com.nxp.mcuxpresso.tools.win32_11.0.1.201907311258/tools/bin/../lib/gcc/arm-none-eabi/8.2.1/../../../../arm-none-eabi/lib/thumb/v6-m/nofp\libcr_c.a(errno.o)
 .ARM.attributes
                0x00000483       0x2c c:/nxp/mcuxpressoide_11.0.1_2563/ide/plugins/com.nxp.mcuxpresso.tools.win32_11.0.1.201907311258/tools/bin/../lib/gcc/arm-none-eabi/8.2.1/../../../../arm-none-eabi/lib/thumb/v6-m/nofp\libcr_c.a(_cr_check_heap.o)
 .ARM.attributes
                0x000004af       0x1c c:/nxp/mcuxpressoide_11.0.1_2563/ide/plugins/com.nxp.mcuxpresso.tools.win32_11.0.1.201907311258/tools/bin/../lib/gcc/arm-none-eabi/8.2.1/thumb/v6-m/nofp\libcr_eabihelpers.a(division_32.o)
 .ARM.attributes
                0x000004cb       0x1c c:/nxp/mcuxpressoide_11.0.1_2563/ide/plugins/com.nxp.mcuxpresso.tools.win32_11.0.1.201907311258/tools/bin/../lib/gcc/arm-none-eabi/8.2.1/thumb/v6-m/nofp\libcr_eabihelpers.a(division_idiv0.o)
 .ARM.attributes
                0x000004e7       0x2c c:/nxp/mcuxpressoide_11.0.1_2563/ide/plugins/com.nxp.mcuxpresso.tools.win32_11.0.1.201907311258/tools/bin/../lib/gcc/arm-none-eabi/8.2.1/thumb/v6-m/nofp\libcr_eabihelpers.a(double.o)
 .ARM.attributes
                0x00000513       0x1c c:/nxp/mcuxpressoide_11.0.1_2563/ide/plugins/com.nxp.mcuxpresso.tools.win32_11.0.1.201907311258/tools/bin/../lib/gcc/arm-none-eabi/8.2.1/thumb/v6-m/nofp\libcr_eabihelpers.a(llong.o)
 .ARM.attributes
                0x0000052f       0x1c c:/nxp/mcuxpressoide_11.0.1_2563/ide/plugins/com.nxp.mcuxpresso.tools.win32_11.0.1.201907311258/tools/bin/../lib/gcc/arm-none-eabi/8.2.1/thumb/v6-m/nofp\libcr_eabihelpers.a(memcpy.o)

.debug_frame    0x00000000     0x1ee0
 .debug_frame   0x00000000       0x30 ./source/main.o
 .debug_frame   0x00000030       0xac ./source/led_control.o
 .debug_frame   0x000000dc      0x124 ./source/logger.o
 .debug_frame   0x00000200       0x50 ./source/bit.o
 .debug_frame   0x00000250       0xac ./source/i2c.o
 .debug_frame   0x000002fc      0x1ec ./source/statemachine.o
 .debug_frame   0x000004e8       0xac ./source/tmp102.o
 .debug_frame   0x00000594       0x20 ./source/semihost_hardfault.o
 .debug_frame   0x000005b4      0x498 ./startup/startup_mkl25z4.o
 .debug_frame   0x00000a4c       0x4c ./CMSIS/system_MKL25Z4.o
 .debug_frame   0x00000a98      0x230 ./utilities/fsl_debug_console.o
 .debug_frame   0x00000cc8      0x6e4 ./drivers/fsl_clock.o
 .debug_frame   0x000013ac       0x90 ./drivers/fsl_common.o
 .debug_frame   0x0000143c      0x418 ./drivers/fsl_lpsci.o
 .debug_frame   0x00001854      0x468 ./drivers/fsl_uart.o
 .debug_frame   0x00001cbc       0x50 ./board/board.o
 .debug_frame   0x00001d0c      0x120 ./board/clock_config.o
 .debug_frame   0x00001e2c       0x2c ./board/peripherals.o
 .debug_frame   0x00001e58       0x88 ./board/pin_mux.o
