core_cm0plus.h:745:22:NVIC_EnableIRQ	16	static
core_cm0plus.h:756:22:NVIC_DisableIRQ	16	static
statemachine.c:16:15:stateStateMachine	40	static
statemachine.c:113:15:stateTableMachine	48	static
statemachine.c:216:6:averageReading	32	static
statemachine.c:231:6:printAverageTemperature	32	static
statemachine.c:241:6:HandleEventAlert	16	static
statemachine.c:245:6:HandleEventComplete	16	static
statemachine.c:249:6:HandleEventDisconnect	16	static
statemachine.c:253:6:HandleEventTimout3	16	static
statemachine.c:257:6:HandleEventTimout4	16	static
statemachine.c:262:6:Init_SysTick	8	static
statemachine.c:269:6:SysTick_Handler	8	static
statemachine.c:277:6:PORTA_IRQHandler	8	static
statemachine.c:284:6:delay1s	16	static
