core_cm0plus.h:745:22:NVIC_EnableIRQ	16	static
core_cm0plus.h:756:22:NVIC_DisableIRQ	16	static
statemachine.c:16:15:stateStateMachine	40	static
statemachine.c:109:15:stateTableMachine	48	static
statemachine.c:208:6:averageReading	32	static
statemachine.c:223:6:printAverageTemperature	32	static
statemachine.c:232:6:HandleEventAlert	16	static
statemachine.c:236:6:HandleEventComplete	16	static
statemachine.c:240:6:HandleEventDisconnect	16	static
statemachine.c:244:6:HandleEventTimout3	16	static
statemachine.c:248:6:HandleEventTimout4	16	static
statemachine.c:253:6:Init_SysTick	8	static
statemachine.c:260:6:SysTick_Handler	8	static
statemachine.c:268:6:PORTA_IRQHandler	8	static
statemachine.c:275:6:delay1s	16	static
